
> petstore-api-tests@1.0.0 test
> playwright test


Running 30 tests using 1 worker

[1/30] [chromium] ÔÇ║ tests\petstore.spec.ts:20:9 ÔÇ║ Petstore API - Pet Endpoints ÔÇ║ POST /pet - Create Pet ÔÇ║ Should create a valid pet with all fields
[2/30] [chromium] ÔÇ║ tests\petstore.spec.ts:43:9 ÔÇ║ Petstore API - Pet Endpoints ÔÇ║ POST /pet - Create Pet ÔÇ║ Should create pet with minimal required fields
[3/30] [chromium] ÔÇ║ tests\petstore.spec.ts:61:9 ÔÇ║ Petstore API - Pet Endpoints ÔÇ║ POST /pet - Create Pet ÔÇ║ Should accept different valid statuses
[4/30] [chromium] ÔÇ║ tests\petstore.spec.ts:86:9 ÔÇ║ Petstore API - Pet Endpoints ÔÇ║ GET /pet/{petId} - Retrieve Pet ÔÇ║ Should retrieve existing pet by ID
[5/30] [chromium] ÔÇ║ tests\petstore.spec.ts:97:9 ÔÇ║ Petstore API - Pet Endpoints ÔÇ║ GET /pet/{petId} - Retrieve Pet ÔÇ║ Should return 404 for non-existent pet
[6/30] [chromium] ÔÇ║ tests\petstore.spec.ts:106:9 ÔÇ║ Petstore API - Pet Endpoints ÔÇ║ GET /pet/{petId} - Retrieve Pet ÔÇ║ Should handle invalid ID format gracefully
[7/30] [chromium] ÔÇ║ tests\petstore.spec.ts:115:9 ÔÇ║ Petstore API - Pet Endpoints ÔÇ║ GET /pet/{petId} - Retrieve Pet ÔÇ║ Should handle negative pet ID
[8/30] [chromium] ÔÇ║ tests\petstore.spec.ts:147:9 ÔÇ║ Petstore API - Pet Endpoints ÔÇ║ PUT /pet - Update Pet ÔÇ║ Should update pet status successfully
[9/30] [chromium] ÔÇ║ tests\petstore.spec.ts:166:9 ÔÇ║ Petstore API - Pet Endpoints ÔÇ║ PUT /pet - Update Pet ÔÇ║ Should update pet with partial data
[10/30] [chromium] ÔÇ║ tests\petstore.spec.ts:205:9 ÔÇ║ Petstore API - Pet Endpoints ÔÇ║ DELETE /pet/{petId} - Delete Pet ÔÇ║ Should delete existing pet
[11/30] [chromium] ÔÇ║ tests\petstore.spec.ts:214:9 ÔÇ║ Petstore API - Pet Endpoints ÔÇ║ DELETE /pet/{petId} - Delete Pet ÔÇ║ Should return error for non-existent pet
[12/30] [chromium] ÔÇ║ tests\petstore.spec.ts:225:9 ÔÇ║ Petstore API - Pet Endpoints ÔÇ║ GET /pet/findByStatus - Find by Status ÔÇ║ Should find pets with available status
[13/30] [chromium] ÔÇ║ tests\petstore.spec.ts:235:9 ÔÇ║ Petstore API - Pet Endpoints ÔÇ║ GET /pet/findByStatus - Find by Status ÔÇ║ Should find pets with pending status
[14/30] [chromium] ÔÇ║ tests\petstore.spec.ts:245:9 ÔÇ║ Petstore API - Pet Endpoints ÔÇ║ GET /pet/findByStatus - Find by Status ÔÇ║ Should find pets with multiple status filters
[15/30] [chromium] ÔÇ║ tests\petstore.spec.ts:255:9 ÔÇ║ Petstore API - Pet Endpoints ÔÇ║ GET /pet/findByStatus - Find by Status ÔÇ║ Should handle invalid status value
[16/30] [chromium] ÔÇ║ tests\petstore.spec.ts:276:9 ÔÇ║ Petstore API - Store Endpoints ÔÇ║ POST /store/order - Place Order ÔÇ║ Should place a valid order
[17/30] [chromium] ÔÇ║ tests\petstore.spec.ts:295:9 ÔÇ║ Petstore API - Store Endpoints ÔÇ║ POST /store/order - Place Order ÔÇ║ Should reject order with negative quantity
  1) [chromium] ÔÇ║ tests\petstore.spec.ts:295:9 ÔÇ║ Petstore API - Store Endpoints ÔÇ║ POST /store/order - Place Order ÔÇ║ Should reject order with negative quantity 

    Error: expect(received).toContain(expected) // indexOf

    Expected value: 200
    Received array: [400, 405]

      308 |       });
      309 |
    > 310 |       expect([400, 405]).toContain(response.status);
          |                          ^
      311 |     });
      312 |
      313 |     test('Should reject order with zero quantity', async () => {
        at C:\Users\morganis\swagger-tests2\tests\petstore.spec.ts:310:26

    Error Context: test-results\petstore-Petstore-API---St-ae054-rder-with-negative-quantity-chromium\error-context.md


[18/30] [chromium] ÔÇ║ tests\petstore.spec.ts:313:9 ÔÇ║ Petstore API - Store Endpoints ÔÇ║ POST /store/order - Place Order ÔÇ║ Should reject order with zero quantity
  2) [chromium] ÔÇ║ tests\petstore.spec.ts:313:9 ÔÇ║ Petstore API - Store Endpoints ÔÇ║ POST /store/order - Place Order ÔÇ║ Should reject order with zero quantity 

    Error: expect(received).toContain(expected) // indexOf

    Expected value: 200
    Received array: [400, 405]

      325 |       });
      326 |
    > 327 |       expect([400, 405]).toContain(response.status);
          |                          ^
      328 |     });
      329 |   });
      330 |
        at C:\Users\morganis\swagger-tests2\tests\petstore.spec.ts:327:26

    Error Context: test-results\petstore-Petstore-API---St-7f6c7-ct-order-with-zero-quantity-chromium\error-context.md


[19/30] [chromium] ÔÇ║ tests\petstore.spec.ts:332:9 ÔÇ║ Petstore API - Store Endpoints ÔÇ║ GET /store/order/{orderId} - Retrieve Order ÔÇ║ Should retrieve order in valid range (1-10)
[20/30] [chromium] ÔÇ║ tests\petstore.spec.ts:342:9 ÔÇ║ Petstore API - Store Endpoints ÔÇ║ GET /store/order/{orderId} - Retrieve Order ÔÇ║ Should return 400 for order ID outside valid range (>10)
[21/30] [chromium] ÔÇ║ tests\petstore.spec.ts:352:9 ÔÇ║ Petstore API - Store Endpoints ÔÇ║ GET /store/order/{orderId} - Retrieve Order ÔÇ║ Should handle negative order ID
[22/30] [chromium] ÔÇ║ tests\petstore.spec.ts:363:9 ÔÇ║ Petstore API - Store Endpoints ÔÇ║ DELETE /store/order/{orderId} - Delete Order ÔÇ║ Should delete order with valid ID
[23/30] [chromium] ÔÇ║ tests\petstore.spec.ts:372:9 ÔÇ║ Petstore API - Store Endpoints ÔÇ║ DELETE /store/order/{orderId} - Delete Order ÔÇ║ Should handle negative order ID in delete
[24/30] [chromium] ÔÇ║ tests\petstore.spec.ts:383:9 ÔÇ║ Petstore API - Store Endpoints ÔÇ║ GET /store/inventory - Get Inventory ÔÇ║ Should return inventory map
[25/30] [chromium] ÔÇ║ tests\petstore.spec.ts:405:9 ÔÇ║ Petstore API - User Endpoints ÔÇ║ POST /user - Create User ÔÇ║ Should create user with valid data
[26/30] [chromium] ÔÇ║ tests\petstore.spec.ts:426:9 ÔÇ║ Petstore API - User Endpoints ÔÇ║ POST /user - Create User ÔÇ║ Should create user with minimal fields
[27/30] [chromium] ÔÇ║ tests\petstore.spec.ts:443:9 ÔÇ║ Petstore API - User Endpoints ÔÇ║ GET /user/{username} - Retrieve User ÔÇ║ Should retrieve user by username
[28/30] [chromium] ÔÇ║ tests\petstore.spec.ts:452:9 ÔÇ║ Petstore API - User Endpoints ÔÇ║ GET /user/{username} - Retrieve User ÔÇ║ Should return 404 for non-existent user
[29/30] [chromium] ÔÇ║ tests\petstore.spec.ts:463:9 ÔÇ║ Petstore API - User Endpoints ÔÇ║ GET /user/login - User Login ÔÇ║ Should attempt login with credentials
[30/30] [chromium] ÔÇ║ tests\petstore.spec.ts:472:9 ÔÇ║ Petstore API - User Endpoints ÔÇ║ GET /user/login - User Login ÔÇ║ Should reject login with invalid credentials
  3) [chromium] ÔÇ║ tests\petstore.spec.ts:472:9 ÔÇ║ Petstore API - User Endpoints ÔÇ║ GET /user/login - User Login ÔÇ║ Should reject login with invalid credentials 

    Error: expect(received).toContain(expected) // indexOf

    Expected value: 200
    Received array: [400, 401]

      476 |       });
      477 |
    > 478 |       expect([400, 401]).toContain(response.status);
          |                          ^
      479 |     });
      480 |   });
      481 | });
        at C:\Users\morganis\swagger-tests2\tests\petstore.spec.ts:478:26

    Error Context: test-results\petstore-Petstore-API---Us-92249-in-with-invalid-credentials-chromium\error-context.md


  3 failed
    [chromium] ÔÇ║ tests\petstore.spec.ts:295:9 ÔÇ║ Petstore API - Store Endpoints ÔÇ║ POST /store/order - Place Order ÔÇ║ Should reject order with negative quantity 
    [chromium] ÔÇ║ tests\petstore.spec.ts:313:9 ÔÇ║ Petstore API - Store Endpoints ÔÇ║ POST /store/order - Place Order ÔÇ║ Should reject order with zero quantity 
    [chromium] ÔÇ║ tests\petstore.spec.ts:472:9 ÔÇ║ Petstore API - User Endpoints ÔÇ║ GET /user/login - User Login ÔÇ║ Should reject login with invalid credentials 
  27 passed (10.5s)

[36m  Serving HTML report at http://localhost:9323. Press Ctrl+C to quit.[39m
